// Jest Snapshot v1, https://goo.gl/fbAQLP

exports[`<Logo /> should render and match the snapshot 1`] = `
<div>
  <div
    className="Logo__icon"
  >
    <div
      className="Logo__icontext"
    >
      A
      <span
        className="Logo__icontextcenter"
      >
        W
      </span>
      A
    </div>
  </div>
  <div
    className="Logo__appname"
  >
    Anime Web App
  </div>
</div>
`;
