// Jest Snapshot v1, https://goo.gl/fbAQLP

exports[`<Pagination /> should render and match the snapshot 1`] = `
<React.Fragment>
  <div
    className="Pagination"
  >
    <Button
      className="Pagination__bullet"
      onClick={[Function]}
      style="default"
    >
      1
    </Button>
    <Button
      className="Pagination__bullet"
      onClick={[Function]}
      style="clear"
    >
      2
    </Button>
    <Button
      className="Pagination__bullet"
      onClick={[Function]}
      style="clear"
    >
      3
    </Button>
  </div>
</React.Fragment>
`;
