// Jest Snapshot v1, https://goo.gl/fbAQLP

exports[`<Home /> should render and match the snapshot 1`] = `
<div
  className="Home"
>
  <Search
    onChange={[Function]}
  />
  <List
    list={null}
  />
  <Pagination
    isNextAvailable={true}
    limit={10}
    onChange={[Function]}
    page={0}
  />
</div>
`;
