// Jest Snapshot v1, https://goo.gl/fbAQLP

exports[`<App /> should render and match the snapshot 1`] = `
<BrowserRouter>
  <Routes>
    <Route
      element={
        <HomeLayout>
          <Home />
        </HomeLayout>
      }
      exact={true}
      path="/"
    />
    <Route
      element={
        <HomeLayout>
          <Detail />
        </HomeLayout>
      }
      exact={true}
      path="/detail/:id"
    />
    <Route
      element={<NotFound />}
      path="*"
    />
  </Routes>
</BrowserRouter>
`;
